// Jest Snapshot v1, https://goo.gl/fbAQLP

exports[`AnalyzeFiles should return analyze compare 1`] = `
Array [
  FileContentNodeAnalyze {
    "body": Array [
      FileContentNodeAnalyze {
        "body": Array [],
        "end": "",
        "paths": Array [
          Object {
            "name": "PathInfo",
            "parts": Array [
              WordsInfo {
                "parts": Array [
                  "home",
                ],
                "words": "home",
              },
              WordsInfo {
                "parts": Array [
                  "document",
                ],
                "words": "document",
              },
              WordsInfo {
                "parts": Array [
                  "file",
                ],
                "words": "file",
              },
              WordsInfo {
                "parts": Array [
                  "txt",
                ],
                "words": "txt",
              },
            ],
            "path": "/home/document/file1.txt",
            "type": "file",
          },
          Object {
            "name": "PathInfo",
            "parts": Array [
              WordsInfo {
                "parts": Array [
                  "home",
                ],
                "words": "home",
              },
              WordsInfo {
                "parts": Array [
                  "document",
                ],
                "words": "document",
              },
              WordsInfo {
                "parts": Array [
                  "file",
                ],
                "words": "file",
              },
              WordsInfo {
                "parts": Array [
                  "txt",
                ],
                "words": "txt",
              },
            ],
            "path": "/home/document/file2.txt",
            "type": "file",
          },
          Object {
            "name": "PathInfo",
            "parts": Array [
              WordsInfo {
                "parts": Array [
                  "home",
                ],
                "words": "home",
              },
              WordsInfo {
                "parts": Array [
                  "document",
                ],
                "words": "document",
              },
              WordsInfo {
                "parts": Array [
                  "file",
                ],
                "words": "file",
              },
              WordsInfo {
                "parts": Array [
                  "txt",
                ],
                "words": "txt",
              },
            ],
            "path": "/home/document/file3.txt",
            "type": "file",
          },
          Object {
            "name": "PathInfo",
            "parts": Array [
              WordsInfo {
                "parts": Array [
                  "home",
                ],
                "words": "home",
              },
              WordsInfo {
                "parts": Array [
                  "document",
                ],
                "words": "document",
              },
              WordsInfo {
                "parts": Array [
                  "file",
                ],
                "words": "file",
              },
              WordsInfo {
                "parts": Array [
                  "txt",
                ],
                "words": "txt",
              },
            ],
            "path": "/home/document/file4.txt",
            "type": "file",
          },
        ],
        "start": "line1
",
      },
      FileContentNodeAnalyze {
        "body": Array [],
        "end": "",
        "paths": Array [
          Object {
            "name": "PathInfo",
            "parts": Array [
              WordsInfo {
                "parts": Array [
                  "home",
                ],
                "words": "home",
              },
              WordsInfo {
                "parts": Array [
                  "document",
                ],
                "words": "document",
              },
              WordsInfo {
                "parts": Array [
                  "file",
                ],
                "words": "file",
              },
              WordsInfo {
                "parts": Array [
                  "txt",
                ],
                "words": "txt",
              },
            ],
            "path": "/home/document/file1.txt",
            "type": "file",
          },
          Object {
            "name": "PathInfo",
            "parts": Array [
              WordsInfo {
                "parts": Array [
                  "home",
                ],
                "words": "home",
              },
              WordsInfo {
                "parts": Array [
                  "document",
                ],
                "words": "document",
              },
              WordsInfo {
                "parts": Array [
                  "file",
                ],
                "words": "file",
              },
              WordsInfo {
                "parts": Array [
                  "txt",
                ],
                "words": "txt",
              },
            ],
            "path": "/home/document/file2.txt",
            "type": "file",
          },
          Object {
            "name": "PathInfo",
            "parts": Array [
              WordsInfo {
                "parts": Array [
                  "home",
                ],
                "words": "home",
              },
              WordsInfo {
                "parts": Array [
                  "document",
                ],
                "words": "document",
              },
              WordsInfo {
                "parts": Array [
                  "file",
                ],
                "words": "file",
              },
              WordsInfo {
                "parts": Array [
                  "txt",
                ],
                "words": "txt",
              },
            ],
            "path": "/home/document/file4.txt",
            "type": "file",
          },
        ],
        "start": "line2
",
      },
      FileContentNodeAnalyze {
        "body": Array [],
        "end": "",
        "paths": Array [
          Object {
            "name": "PathInfo",
            "parts": Array [
              WordsInfo {
                "parts": Array [
                  "home",
                ],
                "words": "home",
              },
              WordsInfo {
                "parts": Array [
                  "document",
                ],
                "words": "document",
              },
              WordsInfo {
                "parts": Array [
                  "file",
                ],
                "words": "file",
              },
              WordsInfo {
                "parts": Array [
                  "txt",
                ],
                "words": "txt",
              },
            ],
            "path": "/home/document/file1.txt",
            "type": "file",
          },
          Object {
            "name": "PathInfo",
            "parts": Array [
              WordsInfo {
                "parts": Array [
                  "home",
                ],
                "words": "home",
              },
              WordsInfo {
                "parts": Array [
                  "document",
                ],
                "words": "document",
              },
              WordsInfo {
                "parts": Array [
                  "file",
                ],
                "words": "file",
              },
              WordsInfo {
                "parts": Array [
                  "txt",
                ],
                "words": "txt",
              },
            ],
            "path": "/home/document/file2.txt",
            "type": "file",
          },
          Object {
            "name": "PathInfo",
            "parts": Array [
              WordsInfo {
                "parts": Array [
                  "home",
                ],
                "words": "home",
              },
              WordsInfo {
                "parts": Array [
                  "document",
                ],
                "words": "document",
              },
              WordsInfo {
                "parts": Array [
                  "file",
                ],
                "words": "file",
              },
              WordsInfo {
                "parts": Array [
                  "txt",
                ],
                "words": "txt",
              },
            ],
            "path": "/home/document/file3.txt",
            "type": "file",
          },
          Object {
            "name": "PathInfo",
            "parts": Array [
              WordsInfo {
                "parts": Array [
                  "home",
                ],
                "words": "home",
              },
              WordsInfo {
                "parts": Array [
                  "document",
                ],
                "words": "document",
              },
              WordsInfo {
                "parts": Array [
                  "file",
                ],
                "words": "file",
              },
              WordsInfo {
                "parts": Array [
                  "txt",
                ],
                "words": "txt",
              },
            ],
            "path": "/home/document/file4.txt",
            "type": "file",
          },
        ],
        "start": "line3
",
      },
      FileContentNodeAnalyze {
        "body": Array [],
        "end": "",
        "paths": Array [
          Object {
            "name": "PathInfo",
            "parts": Array [
              WordsInfo {
                "parts": Array [
                  "home",
                ],
                "words": "home",
              },
              WordsInfo {
                "parts": Array [
                  "document",
                ],
                "words": "document",
              },
              WordsInfo {
                "parts": Array [
                  "file",
                ],
                "words": "file",
              },
              WordsInfo {
                "parts": Array [
                  "txt",
                ],
                "words": "txt",
              },
            ],
            "path": "/home/document/file1.txt",
            "type": "file",
          },
          Object {
            "name": "PathInfo",
            "parts": Array [
              WordsInfo {
                "parts": Array [
                  "home",
                ],
                "words": "home",
              },
              WordsInfo {
                "parts": Array [
                  "document",
                ],
                "words": "document",
              },
              WordsInfo {
                "parts": Array [
                  "file",
                ],
                "words": "file",
              },
              WordsInfo {
                "parts": Array [
                  "txt",
                ],
                "words": "txt",
              },
            ],
            "path": "/home/document/file2.txt",
            "type": "file",
          },
          Object {
            "name": "PathInfo",
            "parts": Array [
              WordsInfo {
                "parts": Array [
                  "home",
                ],
                "words": "home",
              },
              WordsInfo {
                "parts": Array [
                  "document",
                ],
                "words": "document",
              },
              WordsInfo {
                "parts": Array [
                  "file",
                ],
                "words": "file",
              },
              WordsInfo {
                "parts": Array [
                  "txt",
                ],
                "words": "txt",
              },
            ],
            "path": "/home/document/file3.txt",
            "type": "file",
          },
          Object {
            "name": "PathInfo",
            "parts": Array [
              WordsInfo {
                "parts": Array [
                  "home",
                ],
                "words": "home",
              },
              WordsInfo {
                "parts": Array [
                  "document",
                ],
                "words": "document",
              },
              WordsInfo {
                "parts": Array [
                  "file",
                ],
                "words": "file",
              },
              WordsInfo {
                "parts": Array [
                  "txt",
                ],
                "words": "txt",
              },
            ],
            "path": "/home/document/file4.txt",
            "type": "file",
          },
        ],
        "start": "",
      },
    ],
    "end": "",
    "paths": Array [
      Object {
        "name": "PathInfo",
        "parts": Array [
          WordsInfo {
            "parts": Array [
              "home",
            ],
            "words": "home",
          },
          WordsInfo {
            "parts": Array [
              "document",
            ],
            "words": "document",
          },
          WordsInfo {
            "parts": Array [
              "file",
            ],
            "words": "file",
          },
          WordsInfo {
            "parts": Array [
              "txt",
            ],
            "words": "txt",
          },
        ],
        "path": "/home/document/file1.txt",
        "type": "file",
      },
      Object {
        "name": "PathInfo",
        "parts": Array [
          WordsInfo {
            "parts": Array [
              "home",
            ],
            "words": "home",
          },
          WordsInfo {
            "parts": Array [
              "document",
            ],
            "words": "document",
          },
          WordsInfo {
            "parts": Array [
              "file",
            ],
            "words": "file",
          },
          WordsInfo {
            "parts": Array [
              "txt",
            ],
            "words": "txt",
          },
        ],
        "path": "/home/document/file2.txt",
        "type": "file",
      },
      Object {
        "name": "PathInfo",
        "parts": Array [
          WordsInfo {
            "parts": Array [
              "home",
            ],
            "words": "home",
          },
          WordsInfo {
            "parts": Array [
              "document",
            ],
            "words": "document",
          },
          WordsInfo {
            "parts": Array [
              "file",
            ],
            "words": "file",
          },
          WordsInfo {
            "parts": Array [
              "txt",
            ],
            "words": "txt",
          },
        ],
        "path": "/home/document/file3.txt",
        "type": "file",
      },
      Object {
        "name": "PathInfo",
        "parts": Array [
          WordsInfo {
            "parts": Array [
              "home",
            ],
            "words": "home",
          },
          WordsInfo {
            "parts": Array [
              "document",
            ],
            "words": "document",
          },
          WordsInfo {
            "parts": Array [
              "file",
            ],
            "words": "file",
          },
          WordsInfo {
            "parts": Array [
              "txt",
            ],
            "words": "txt",
          },
        ],
        "path": "/home/document/file4.txt",
        "type": "file",
      },
    ],
    "start": "",
  },
]
`;
