// Jest Snapshot v1, https://goo.gl/fbAQLP

exports[`compareFile should generate info about files difference 1`] = `
FileContentNode {
  "body": Array [
    FileContentNodeAnalyze {
      "body": Array [
        FileContentNodeAnalyze {
          "body": Array [],
          "end": "",
          "paths": Array [
            PathInfo {
              "parts": Array [
                WordsInfo {
                  "parts": Array [
                    "home",
                  ],
                  "words": "home",
                },
                WordsInfo {
                  "parts": Array [
                    "document",
                  ],
                  "words": "document",
                },
                WordsInfo {
                  "parts": Array [
                    "similar",
                  ],
                  "words": "similar",
                },
                WordsInfo {
                  "parts": Array [
                    "xyz",
                    "file",
                  ],
                  "words": "xyzFile",
                },
                WordsInfo {
                  "parts": Array [
                    "txt",
                  ],
                  "words": "txt",
                },
              ],
              "path": "/home/document/similar/xyzFile.txt",
              "type": "file",
            },
          ],
          "start": "xyz_file
",
        },
        FileContentNodeAnalyze {
          "body": Array [],
          "end": "",
          "paths": Array [
            PathInfo {
              "parts": Array [
                WordsInfo {
                  "parts": Array [
                    "home",
                  ],
                  "words": "home",
                },
                WordsInfo {
                  "parts": Array [
                    "document",
                  ],
                  "words": "document",
                },
                WordsInfo {
                  "parts": Array [
                    "similar",
                  ],
                  "words": "similar",
                },
                WordsInfo {
                  "parts": Array [
                    "xyz",
                    "file",
                  ],
                  "words": "xyzFile",
                },
                WordsInfo {
                  "parts": Array [
                    "txt",
                  ],
                  "words": "txt",
                },
              ],
              "path": "/home/document/similar/xyzFile.txt",
              "type": "file",
            },
          ],
          "start": "",
        },
        FileContentNodeAnalyze {
          "body": Array [],
          "end": "",
          "paths": Array [
            PathInfo {
              "parts": Array [
                WordsInfo {
                  "parts": Array [
                    "home",
                  ],
                  "words": "home",
                },
                WordsInfo {
                  "parts": Array [
                    "document",
                  ],
                  "words": "document",
                },
                WordsInfo {
                  "parts": Array [
                    "similar",
                  ],
                  "words": "similar",
                },
                WordsInfo {
                  "parts": Array [
                    "xyz",
                    "file",
                  ],
                  "words": "xyzFile",
                },
                WordsInfo {
                  "parts": Array [
                    "txt",
                  ],
                  "words": "txt",
                },
              ],
              "path": "/home/document/similar/xyzFile.txt",
              "type": "file",
            },
          ],
          "start": "xyz_file
",
        },
        FileContentNodeAnalyze {
          "body": Array [],
          "end": "",
          "paths": Array [
            PathInfo {
              "parts": Array [
                WordsInfo {
                  "parts": Array [
                    "home",
                  ],
                  "words": "home",
                },
                WordsInfo {
                  "parts": Array [
                    "document",
                  ],
                  "words": "document",
                },
                WordsInfo {
                  "parts": Array [
                    "similar",
                  ],
                  "words": "similar",
                },
                WordsInfo {
                  "parts": Array [
                    "xyz",
                    "file",
                  ],
                  "words": "xyzFile",
                },
                WordsInfo {
                  "parts": Array [
                    "txt",
                  ],
                  "words": "txt",
                },
              ],
              "path": "/home/document/similar/xyzFile.txt",
              "type": "file",
            },
          ],
          "start": "some additional line
",
        },
        FileContentNodeAnalyze {
          "body": Array [],
          "end": "",
          "paths": Array [
            PathInfo {
              "parts": Array [
                WordsInfo {
                  "parts": Array [
                    "home",
                  ],
                  "words": "home",
                },
                WordsInfo {
                  "parts": Array [
                    "document",
                  ],
                  "words": "document",
                },
                WordsInfo {
                  "parts": Array [
                    "similar",
                  ],
                  "words": "similar",
                },
                WordsInfo {
                  "parts": Array [
                    "xyz",
                    "file",
                  ],
                  "words": "xyzFile",
                },
                WordsInfo {
                  "parts": Array [
                    "txt",
                  ],
                  "words": "txt",
                },
              ],
              "path": "/home/document/similar/xyzFile.txt",
              "type": "file",
            },
          ],
          "start": "",
        },
        FileContentNodeAnalyze {
          "body": Array [],
          "end": "",
          "paths": Array [
            PathInfo {
              "parts": Array [
                WordsInfo {
                  "parts": Array [
                    "home",
                  ],
                  "words": "home",
                },
                WordsInfo {
                  "parts": Array [
                    "document",
                  ],
                  "words": "document",
                },
                WordsInfo {
                  "parts": Array [
                    "similar",
                  ],
                  "words": "similar",
                },
                WordsInfo {
                  "parts": Array [
                    "xyz",
                    "file",
                  ],
                  "words": "xyzFile",
                },
                WordsInfo {
                  "parts": Array [
                    "txt",
                  ],
                  "words": "txt",
                },
              ],
              "path": "/home/document/similar/xyzFile.txt",
              "type": "file",
            },
          ],
          "start": "ggg_file
",
        },
        FileContentNodeAnalyze {
          "body": Array [],
          "end": "",
          "paths": Array [
            PathInfo {
              "parts": Array [
                WordsInfo {
                  "parts": Array [
                    "home",
                  ],
                  "words": "home",
                },
                WordsInfo {
                  "parts": Array [
                    "document",
                  ],
                  "words": "document",
                },
                WordsInfo {
                  "parts": Array [
                    "similar",
                  ],
                  "words": "similar",
                },
                WordsInfo {
                  "parts": Array [
                    "xyz",
                    "file",
                  ],
                  "words": "xyzFile",
                },
                WordsInfo {
                  "parts": Array [
                    "txt",
                  ],
                  "words": "txt",
                },
              ],
              "path": "/home/document/similar/xyzFile.txt",
              "type": "file",
            },
          ],
          "start": "",
        },
        FileContentNodeAnalyze {
          "body": Array [],
          "end": "",
          "paths": Array [
            PathInfo {
              "parts": Array [
                WordsInfo {
                  "parts": Array [
                    "home",
                  ],
                  "words": "home",
                },
                WordsInfo {
                  "parts": Array [
                    "document",
                  ],
                  "words": "document",
                },
                WordsInfo {
                  "parts": Array [
                    "similar",
                  ],
                  "words": "similar",
                },
                WordsInfo {
                  "parts": Array [
                    "xyz",
                    "file",
                  ],
                  "words": "xyzFile",
                },
                WordsInfo {
                  "parts": Array [
                    "txt",
                  ],
                  "words": "txt",
                },
              ],
              "path": "/home/document/similar/xyzFile.txt",
              "type": "file",
            },
          ],
          "start": "xyz_file
",
        },
        FileContentNodeAnalyze {
          "body": Array [],
          "end": "",
          "paths": Array [
            PathInfo {
              "parts": Array [
                WordsInfo {
                  "parts": Array [
                    "home",
                  ],
                  "words": "home",
                },
                WordsInfo {
                  "parts": Array [
                    "document",
                  ],
                  "words": "document",
                },
                WordsInfo {
                  "parts": Array [
                    "similar",
                  ],
                  "words": "similar",
                },
                WordsInfo {
                  "parts": Array [
                    "xyz",
                    "file",
                  ],
                  "words": "xyzFile",
                },
                WordsInfo {
                  "parts": Array [
                    "txt",
                  ],
                  "words": "txt",
                },
              ],
              "path": "/home/document/similar/xyzFile.txt",
              "type": "file",
            },
          ],
          "start": "some additional line
",
        },
        FileContentNodeAnalyze {
          "body": Array [],
          "end": "",
          "paths": Array [
            PathInfo {
              "parts": Array [
                WordsInfo {
                  "parts": Array [
                    "home",
                  ],
                  "words": "home",
                },
                WordsInfo {
                  "parts": Array [
                    "document",
                  ],
                  "words": "document",
                },
                WordsInfo {
                  "parts": Array [
                    "similar",
                  ],
                  "words": "similar",
                },
                WordsInfo {
                  "parts": Array [
                    "xyz",
                    "file",
                  ],
                  "words": "xyzFile",
                },
                WordsInfo {
                  "parts": Array [
                    "txt",
                  ],
                  "words": "txt",
                },
              ],
              "path": "/home/document/similar/xyzFile.txt",
              "type": "file",
            },
          ],
          "start": "",
        },
      ],
      "end": "",
      "paths": Array [
        PathInfo {
          "parts": Array [
            WordsInfo {
              "parts": Array [
                "home",
              ],
              "words": "home",
            },
            WordsInfo {
              "parts": Array [
                "document",
              ],
              "words": "document",
            },
            WordsInfo {
              "parts": Array [
                "similar",
              ],
              "words": "similar",
            },
            WordsInfo {
              "parts": Array [
                "xyz",
                "file",
              ],
              "words": "xyzFile",
            },
            WordsInfo {
              "parts": Array [
                "txt",
              ],
              "words": "txt",
            },
          ],
          "path": "/home/document/similar/xyzFile.txt",
          "type": "file",
        },
      ],
      "start": "",
    },
  ],
  "end": "",
  "start": "",
}
`;
